../Core/Src/eye_animation.c:40:16:getMaxPupilOffsetX	32	static
../Core/Src/eye_animation.c:44:16:getMaxPupilOffsetY	32	static
../Core/Src/eye_animation.c:49:22:getEyeParams	152	static
../Core/Src/eye_animation.c:134:13:initializeEyeConfigs	24	static
../Core/Src/eye_animation.c:142:13:setExpression	16	static
../Core/Src/eye_animation.c:159:13:updateAnimations	16	static
../Core/Src/eye_animation.c:180:13:updateBreathing	24	static
../Core/Src/eye_animation.c:192:13:triggerBlink	8	static
../Core/Src/eye_animation.c:198:13:triggerWink	16	static
../Core/Src/eye_animation.c:206:14:getExpressionProgress	24	static
../Core/Src/eye_animation.c:216:13:drawDashedEllipse	64	static
../Core/Src/eye_animation.c:228:13:drawEllipseWithStraightSegmentGeneralSym	112	static
../Core/Src/eye_animation.c:283:13:drawEyeOutline	112	static
../Core/Src/eye_animation.c:321:13:drawPupil	64	static
../Core/Src/eye_animation.c:344:13:drawHappyEye	144	static
../Core/Src/eye_animation.c:378:13:drawSadEye	80	static
../Core/Src/eye_animation.c:402:13:drawEye	88	static
../Core/Src/eye_animation.c:435:6:EyeTFT_Init	32	static
../Core/Src/eye_animation.c:458:6:EyeTFT_Update	16	static
../Core/Src/eye_animation.c:556:6:EyeTFT_Draw	112	static
../Core/Src/eye_animation.c:600:6:EyeTFT_SetAutoMode	16	static
../Core/Src/eye_animation.c:604:6:EyeTFT_SetExpression	16	static
