../Core/Src/main.c:77:10:blend_color_fast	32	static
../Core/Src/main.c:179:5:main	32	static
../Core/Src/main.c:266:6:Animation_Loop	344	static
../Core/Src/main.c:538:6:Error_Handler	4	static,ignoring_inline_asm
../Core/Src/main.c:566:6:update_animation_state	56	static
../Core/Src/main.c:785:6:draw_eye_line_with_pupil_to_buffer	160	static
../Core/Src/main.c:843:6:HAL_SPI_TxCpltCallback	16	static
../Core/Src/main.c:856:6:SystemClock_Config	72	static
../Core/Src/main.c:896:13:MX_SPI1_Init	8	static
../Core/Src/main.c:934:13:MX_SPI2_Init	8	static
../Core/Src/main.c:970:13:MX_DMA_Init	16	static
../Core/Src/main.c:991:13:MX_GPIO_Init	40	static
