../Core/Src/main.c:176:5:main	40	static
../Core/Src/main.c:278:6:Animation_Loop	72	static
../Core/Src/main.c:523:6:draw_eye_with_pupil_to_buffer	64	static
../Core/Src/main.c:548:6:HAL_SPI_TxCpltCallback	16	static
../Core/Src/main.c:556:6:SystemClock_Config	72	static
../Core/Src/main.c:596:13:MX_SPI1_Init	8	static
../Core/Src/main.c:634:13:MX_SPI2_Init	8	static
../Core/Src/main.c:670:13:MX_DMA_Init	16	static
../Core/Src/main.c:691:13:MX_GPIO_Init	40	static
../Core/Src/main.c:736:6:Error_Handler	4	static,ignoring_inline_asm
